[2026-03-20 22:38:36.866] ......
[2026-03-20 22:38:36.866] 
[2026-03-20 22:38:36.866] 
[2026-03-20 22:38:36.866] [212]HELLO! BOOT0 is starting!
[2026-03-20 22:38:36.866] [215]BOOT0 commit : {9f6fab4f-dirty}
[2026-03-20 22:38:36.867] 
[2026-03-20 22:38:36.867] [225]vaild para:1  select dram para0
[2026-03-20 22:38:36.867] [229]key press : .
[2026-03-20 22:38:36.867] [231][mmc]: mmc driver ver 2024-03-20 10:36
[2026-03-20 22:38:36.867] [240][mmc]: Wrong media type 0x0
[2026-03-20 22:38:36.867] [244][mmc]: ***Try SD card 0***
[2026-03-20 22:38:36.911] [263][mmc]: HSSDR52/SDR25 4 bit
[2026-03-20 22:38:36.911] [266][mmc]: 50000000 Hz
[2026-03-20 22:38:36.911] [269][mmc]: 121942 MB
[2026-03-20 22:38:36.911] [271][mmc]: ***SD/MMC 0 init OK!!!***
[2026-03-20 22:38:36.912] [279]boot param - magic error 
[2026-03-20 22:38:36.912] [282]DRAM BOOT DRIVE INFO: V0.601
[2026-03-20 22:38:36.912] [286]DRAM_VCC set to 1100 mv
[2026-03-20 22:38:36.942] [328]Training result is = ff
[2026-03-20 22:38:36.942] [331]DRAM Pstate 0 training, frequency is 1800 Mhz
[2026-03-20 22:38:36.958] [336]DRAM Pstate 0 training fail, fail result is 0xff!
[2026-03-20 22:38:38.697] [2093]Training result is = 7
[2026-03-20 22:38:38.698] [2096]DRAM Pstate 0 training, frequency is 1800 Mhz
[2026-03-20 22:38:38.729] [2104][AUTO DEBUG]16 bit,1 ranks training success!
[2026-03-20 22:38:40.476] [3858]Training result is = 7
[2026-03-20 22:38:40.477] [3861]DRAM Pstate 0 training, frequency is 1800 Mhz
[2026-03-20 22:38:42.218] [5619]Training result is = 7
[2026-03-20 22:38:42.219] [5622]DRAM Pstate 0 training, frequency is 1800 Mhz
[2026-03-20 22:38:42.250] [5630]DRAM CLK =1800 MHZ
[2026-03-20 22:38:42.250] [5632]DRAM Type =8 (8:LPDDR4,9:LPDDR5)
[2026-03-20 22:38:42.327] [5702]Training result is = 7
[2026-03-20 22:38:42.327] [5705]DRAM Pstate 1 training, frequency is 1200 Mhz
[2026-03-20 22:38:42.374] [5769]Training result is = 7
[2026-03-20 22:38:42.389] [5772]DRAM Pstate 2 training, frequency is 800 Mhz
[2026-03-20 22:38:42.514] [5886]Training result is = 7
[2026-03-20 22:38:42.514] [5889]DRAM Pstate 3 training, frequency is 400 Mhz
[2026-03-20 22:38:44.268] [7624]Training result is = 7
[2026-03-20 22:38:44.269] [7627]DRAM Pstate 0 training, frequency is 1800 Mhz
[2026-03-20 22:38:44.269] [7635]Actual DRAM SIZE =1024 M
[2026-03-20 22:38:44.269] [7638]DRAM SIZE =1024 MBytes, para1 = 30fa, para2 = 4000001, dram_tpr13 = 6067
[2026-03-20 22:38:44.269] [7653]DRAM simple test OK.
[2026-03-20 22:38:44.269] [7655]key press : .
[2026-03-20 22:38:44.284] [7662]error:bad magic.
[2026-03-20 22:38:44.392] [7726]error: dtb not found for scp
[2026-03-20 22:38:44.392] [7730]mmc not para
[2026-03-20 22:38:44.392] [7732]Jump to ATF: monitor_base = 0x48000000, uboot_base = 0x4a000000, optee_base = 0x0
[2026-03-20 22:38:44.392] NOTICE:  BL31: OP-TEE 32bit detected
[2026-03-20 22:38:44.392] NOTICE:  BL31: U-BOOT 64bit detected
[2026-03-20 22:38:44.392] NOTICE:  BL31: v2.5(debug):5fc237a6a
[2026-03-20 22:38:44.392] NOTICE:  BL31: Built : 09:05:28, Feb 26 2025
[2026-03-20 22:38:44.392] NOTICE:  BL31: No DTB found.
[2026-03-20 22:38:44.392] ERROR:   Error initializing runtime service opteed_fast
