......


[214]HELLO! BOOT0 is starting!
[217]BOOT0 commit : {9f6fab4f-dirty}

[226]vaild para:1  select dram para0
[230]key press : .
[232][mmc]: mmc driver ver 2024-03-20 10:36
[242][mmc]: Wrong media type 0x0
[245][mmc]: ***Try SD card 0***
[264][mmc]: HSSDR52/SDR25 4 bit
[268][mmc]: 50000000 Hz
[270][mmc]: 121942 MB
[272][mmc]: ***SD/MMC 0 init OK!!!***
[280]boot param - magic error 
[283]DRAM BOOT DRIVE INFO: V0.601
[288]DRAM_VCC set to 1100 mv
[330]Training result is = ff
[333]DRAM Pstate 0 training, frequency is 1800 Mhz
[338]DRAM Pstate 0 training fail, fail result is 0xff!
[2093]Training result is = 7
[2096]DRAM Pstate 0 training, frequency is 1800 Mhz
[2104][AUTO DEBUG]16 bit,1 ranks training success!
[3861]Training result is = 7
[3863]DRAM Pstate 0 training, frequency is 1800 Mhz
[5621]Training result is = 7
[5624]DRAM Pstate 0 training, frequency is 1800 Mhz
[5632]DRAM CLK =1800 MHZ
[5634]DRAM Type =8 (8:LPDDR4,9:LPDDR5)
[5704]Training result is = 7
[5707]DRAM Pstate 1 training, frequency is 1200 Mhz
[5771]Training result is = 7
[5774]DRAM Pstate 2 training, frequency is 800 Mhz
[5888]Training result is = 7
[5891]DRAM Pstate 3 training, frequency is 400 Mhz
[7626]Training result is = 7
[7628]DRAM Pstate 0 training, frequency is 1800 Mhz
[7637]Actual DRAM SIZE =1024 M
[7640]DRAM SIZE =1024 MBytes, para1 = 30fa, para2 = 4000001, dram_tpr13 = 6067
[7654]DRAM simple test OK.
[7657]key press : .
[7664]error:bad magic.
[7728]error: dtb not found for scp
[7732]mmc not para
[7734]Jump to ATF: monitor_base = 0x48000000, uboot_base = 0x4a000000, optee_base = 0x0
NOTICE:  BL31: OP-TEE 32bit detected
NOTICE:  BL31: U-BOOT 64bit detected
NOTICE:  BL31: v2.5(debug):5fc237a6a
NOTICE:  BL31: Built : 09:05:28, Feb 26 2025
NOTICE:  BL31: No DTB found.
ERROR:   Error initializing runtime service opteed_fast
UEFI firmware (version  built at 22:33:58 on Mar 23 2026)
[A733] InitMmu: calling ArmConfigureMmu
[A733] ArmConfigureMmu: EL=4 T0SZ=24 MaxBits=40 TCR=0x280803518
[A733] ArmConfigureMmu: TCR set
[A733] ArmConfigureMmu: TranslationTable=0x7FFBE000 entries=2
[A733] ArmConfigureMmu: ZeroMem done
[A733] ArmConfigureMmu: FillTT base=0x40000000 len=0x40000000 attr=1
[A733] URR L0: AllocPages start
[A733] URR L0: AllocPages=0x7FFBD000
[A733] URR L0: IDC start
[A733] URR L0: IDC done
[A733] URR L0: ZeroMem start
[A733] URR L0: ZeroMem done
[A733] URR L1: AllocPages start
[A733] URR L1: AllocPages=0x7FFBC000
[A733] URR L1: IDC start
[A733] URR L1: IDC done
[A733] URR L1: ZeroMem start
[A733] URR L1: ZeroMem done
[A733] URR L2: AllocPages start
[A733] URR L2: AllocPages=0x7FFBB000
[A733] URR L2: IDC start
[A733] URR L2: IDC done
[A733] URR L2: ZeroMem start
[A733] URR L2: ZeroMem done
[A733] ArmConfigureMmu: FillTT done
[A733] ArmConfigureMmu: FillTT base=0x0 len=0x10000000 attr=6
[A733] URR L1: AllocPages start
[A733] URR L1: AllocPages=0x7FFBA000
[A733] URR L1: IDC start
[A733] URR L1: IDC done
[A733] URR L1: ZeroMem start
[A733] URR L1: ZeroMem done
[A733] ArmConfigureMmu: FillTT done
[A733] ArmConfigureMmu: all FillTT done
[A733] ArmConfigureMmu: MAIR set
[A733] ArmConfigureMmu: TTBR0 set
[A733] ArmConfigureMmu: enabling MMU
[A733] ArmConfigureMmu: MMU enabled
[A733] InitMmu: ArmConfigureMmu returned
[A733] InitMmu: MMU OK
[A733] URR L2: AllocPages start
[A733] URR L2: AllocPages=0x7E1A2000
[A733] URR L2: ZeroMem start
[A733] URR L2: ZeroMem done
[A733] URR L2: AllocPages start
[A733] URR L2: AllocPages=0x7E1A1000
[A733] URR L2: ZeroMem start
[A733] URR L2: ZeroMem done
ReplaceTableEntry: splitting block entry with MMU disabled
!!!!!!!!  Image Section Alignment(0x1000) does not match Required Alignment (0x10000)  !!!!!!!!
!!!!!!!!  Image Section Alignment(0x1000) does not match Required Alignment (0x10000)  !!!!!!!!
ProtectUefiImage failed to create image properties record
!!!!!!!!  Image Section Alignment(0x1000) does not match Required Alignment (0x10000)  !!!!!!!!
!!!!!!!!  Image Section Alignment(0x1000) does not match Required Alignment (0x10000)  !!!!!!!!
ProtectUefiImage failed to create image properties record
!!!!!!!!  Image Section Alignment(0x1000) does not match Required Alignment (0x10000)  !!!!!!!!
!!!!!!!!  Image Section Alignment(0x1000) does not match Required Alignment (0x10000)  !!!!!!!!
ProtectUefiImage failed to create image properties record
!!!!!!!!  Image Section Alignment(0x1000) does not match Required Alignment (0x10000)  !!!!!!!!
!!!!!!!!  Image Section Alignment(0x1000) does not match Required Alignment (0x10000)  !!!!!!!!
ProtectUefiImage failed to create image properties record
!!!!!!!!  Image Section Alignment(0x1000) does not match Required Alignment (0x10000)  !!!!!!!!
!!!!!!!!  Image Section Alignment(0x1000) does not match Required Alignment (0x10000)  !!!!!!!!
ProtectUefiImage failed to create image properties record
!!!!!!!!  Image Section Alignment(0x1000) does not match Required Alignment (0x10000)  !!!!!!!!
!!!!!!!!  Image Section Alignment(0x1000) does not match Required Alignment (0x10000)  !!!!!!!!
ProtectUefiImage failed to create image properties record
InitializeRealTimeClock: using default timezone/daylight settings
[A733Acpi] entry
[A733Acpi] LocateProtocol(AcpiTable) = 0x0000000000000000
[A733Acpi] SearchGuid=A733AC01-AC01-AC01-AC01-A733A733A733
[A733Acpi] LocateHandleBuffer(FV2) = 0x0000000000000000
[A733Acpi] FV2 handle count = 0x0000000000000002
[A733Acpi] Checking FV index = 0x0000000000000000
[A733Acpi] ReadFile result = 0x800000000000000E
[A733Acpi] ReadFile Size   = 0x0000000000000000
[A733Acpi] ReadFile Type   = 0x0000000000000000
[A733Acpi] Checking FV index = 0x0000000000000001
[A733Acpi] ReadFile result = 0x0000000000000000
[A733Acpi] ReadFile Size   = 0x0000000000000C12
[A733Acpi] ReadFile Type   = 0x0000000000000002
[A733Acpi] Found ACPI FV at index = 0x0000000000000001
[A733Acpi] ReadSection instance = 0x0000000000000000
[A733Acpi] ReadSection result   = 0x0000000000000000
[A733Acpi] ReadSection Size = 0x0000000000000280
[A733Acpi] Table sig = FACP
[A733Acpi] Table length = 0x0000000000000114
[A733Acpi] InstallAcpiTable = 0x0000000000000000
[A733Acpi] TableHandle      = 0x0000000000000001
[A733Acpi] ReadSection instance = 0x0000000000000001
[A733Acpi] ReadSection result   = 0x0000000000000000
[A733Acpi] ReadSection Size = 0x00000000000001E0
[A733Acpi] Table sig = GTDT
[A733Acpi] Table length = 0x0000000000000068
[A733Acpi] InstallAcpiTable = 0x0000000000000000
[A733Acpi] TableHandle      = 0x0000000000000002
[A733Acpi] ReadSection instance = 0x0000000000000002
[A733Acpi] ReadSection result   = 0x0000000000000000
[A733Acpi] ReadSection Size = 0x0000000000000440
[A733Acpi] Table sig = APIC
[A733Acpi] Table length = 0x00000000000002D4
[A733Acpi] InstallAcpiTable = 0x0000000000000000
[A733Acpi] TableHandle      = 0x0000000000000003
[A733Acpi] ReadSection instance = 0x0000000000000003
[A733Acpi] ReadSection result   = 0x0000000000000000
[A733Acpi] ReadSection Size = 0x00000000000001C0
[A733Acpi] Table sig = SPCR
[A733Acpi] Table length = 0x0000000000000050
[A733Acpi] InstallAcpiTable = 0x0000000000000000
[A733Acpi] TableHandle      = 0x0000000000000004
[A733Acpi] ReadSection instance = 0x0000000000000004
[A733Acpi] ReadSection result   = 0x0000000000000000
[A733Acpi] ReadSection Size = 0x000000000000019E
[A733Acpi] Table sig = DSDT
[A733Acpi] Table length = 0x000000000000019E
[A733Acpi] InstallAcpiTable = 0x0000000000000000
[A733Acpi] TableHandle      = 0x0000000000000005
[A733Acpi] ReadSection instance = 0x0000000000000005
[A733Acpi] ReadSection result   = 0x800000000000000E
[A733Acpi] No more RAW sections (done)
[A733Acpi] All tables installed OK
Error: Image at 0007E160000 start failed: 00000001
[A733] URR L2: AllocPages start
[A733] URR L2: AllocPages=0x7E0AA000
[A733] URR L2: ZeroMem start
[A733] URR L2: ZeroMem done
[Bds]BootManagerMenu FFS section can not be found, skip its boot option registration
[A733] PlatformBootManagerAfterConsole entered
[SMHC] CMD_DONE ERR RINT=0x00000100
[SMHC] STATUS=0x00006906
[SMHC] Forcing synthesized protective MBR for LBA0
[SMHC] Forcing synthesized protective MBR for LBA0
[SMHC] Forcing synthesized protective MBR for LBA0
[A733] Trying fs candidate 0
[A733] Booting option: Removable Media Boot
[A733] LoadImage failed: Not Found
[A733] Booting option: UEFI Shell
[A733] URR L2: AllocPages start
[A733] URR L2: AllocPages=0x7DA2B000
[A733] URR L2: ZeroMem start
[A733] URR L2: ZeroMem done
UEFI Interactive Shell v2.2
EDK II
UEFI v2.70 (EDK II, 0x00010000)
Mapping table
      FS0: Alias(s):HD0b:;BLK1:
          MemoryMapped(0xB,0x4020000,0x4020FFF)/SD(0x0)/HD(1,GPT,FDB97D0F-98E4-4847-8E73-A08A63180290)
     BLK0: Alias(s):
          MemoryMapped(0xB,0x4020000,0x4020FFF)/SD(0x0)
Press ESC in 5 seconds to skip startup.nsh or any other key to continue.Press ESC in 4 seconds to skip startup.nsh or any other key to continue.Press ESC in 3 seconds to skip startup.nsh or any other key to continue.Press ESC in 2 seconds to skip startup.nsh or any other key to continue.Press ESC in 1 seconds to skip startup.nsh or any other key to continue.
Shell> ls fs0:
ls: UEFI function 'gRT->GetTime' returned: Device Error
Directory of: fs0:\
00/00/1980  00:00                  91  PORTARE0.TXT
          1 File(s)          91 bytes
          0 Dir(s)
Shell> 