[2026-03-20 20:57:25.089] ......
[2026-03-20 20:57:25.089] 
[2026-03-20 20:57:25.089] 
[2026-03-20 20:57:25.089] [212]HELLO! BOOT0 is starting!
[2026-03-20 20:57:25.089] [215]BOOT0 commit : {9f6fab4f-dirty}
[2026-03-20 20:57:25.089] 
[2026-03-20 20:57:25.089] [225]vaild para:1  select dram para0
[2026-03-20 20:57:25.091] [229]key press : .
[2026-03-20 20:57:25.091] [231][mmc]: mmc driver ver 2024-03-20 10:36
[2026-03-20 20:57:25.091] [241][mmc]: Wrong media type 0x0
[2026-03-20 20:57:25.091] [244][mmc]: ***Try SD card 0***
[2026-03-20 20:57:25.134] [264][mmc]: HSSDR52/SDR25 4 bit
[2026-03-20 20:57:25.135] [267][mmc]: 50000000 Hz
[2026-03-20 20:57:25.135] [269][mmc]: 121942 MB
[2026-03-20 20:57:25.135] [271][mmc]: ***SD/MMC 0 init OK!!!***
[2026-03-20 20:57:25.135] [279]boot param - magic error 
[2026-03-20 20:57:25.135] [283]DRAM BOOT DRIVE INFO: V0.601
[2026-03-20 20:57:25.135] [287]DRAM_VCC set to 1100 mv
[2026-03-20 20:57:25.167] [329]Training result is = ff
[2026-03-20 20:57:25.168] [332]DRAM Pstate 0 training, frequency is 1800 Mhz
[2026-03-20 20:57:25.182] [337]DRAM Pstate 0 training fail, fail result is 0xff!
[2026-03-20 20:57:26.941] [2091]Training result is = 7
[2026-03-20 20:57:26.942] [2094]DRAM Pstate 0 training, frequency is 1800 Mhz
[2026-03-20 20:57:26.943] [2102][AUTO DEBUG]16 bit,1 ranks training success!
[2026-03-20 20:57:28.705] [3858]Training result is = 7
[2026-03-20 20:57:28.705] [3861]DRAM Pstate 0 training, frequency is 1800 Mhz
[2026-03-20 20:57:30.458] [5622]Training result is = 7
[2026-03-20 20:57:30.474] [5625]DRAM Pstate 0 training, frequency is 1800 Mhz
[2026-03-20 20:57:30.474] [5633]DRAM CLK =1800 MHZ
[2026-03-20 20:57:30.474] [5635]DRAM Type =8 (8:LPDDR4,9:LPDDR5)
[2026-03-20 20:57:30.552] [5705]Training result is = 7
[2026-03-20 20:57:30.552] [5708]DRAM Pstate 1 training, frequency is 1200 Mhz
[2026-03-20 20:57:30.600] [5772]Training result is = 7
[2026-03-20 20:57:30.615] [5775]DRAM Pstate 2 training, frequency is 800 Mhz
[2026-03-20 20:57:30.731] [5889]Training result is = 7
[2026-03-20 20:57:30.731] [5892]DRAM Pstate 3 training, frequency is 400 Mhz
[2026-03-20 20:57:32.486] [7625]Training result is = 7
[2026-03-20 20:57:32.487] [7628]DRAM Pstate 0 training, frequency is 1800 Mhz
[2026-03-20 20:57:32.487] [7636]Actual DRAM SIZE =1024 M
[2026-03-20 20:57:32.487] [7639]DRAM SIZE =1024 MBytes, para1 = 30fa, para2 = 4000001, dram_tpr13 = 6067
[2026-03-20 20:57:32.487] [7654]DRAM simple test OK.
[2026-03-20 20:57:32.487] [7656]key press : .
[2026-03-20 20:57:32.501] [7664]error:bad magic.
