[2026-03-20 22:10:55.216] ......
[2026-03-20 22:10:55.216] 
[2026-03-20 22:10:55.216] 
[2026-03-20 22:10:55.216] [213]HELLO! BOOT0 is starting!
[2026-03-20 22:10:55.217] [216]BOOT0 commit : {9f6fab4f-dirty}
[2026-03-20 22:10:55.217] 
[2026-03-20 22:10:55.217] [226]vaild para:1  select dram para0
[2026-03-20 22:10:55.217] [230]key press : .
[2026-03-20 22:10:55.217] [232][mmc]: mmc driver ver 2024-03-20 10:36
[2026-03-20 22:10:55.217] [241][mmc]: Wrong media type 0x0
[2026-03-20 22:10:55.217] [245][mmc]: ***Try SD card 0***
[2026-03-20 22:10:55.262] [264][mmc]: HSSDR52/SDR25 4 bit
[2026-03-20 22:10:55.263] [267][mmc]: 50000000 Hz
[2026-03-20 22:10:55.263] [270][mmc]: 121942 MB
[2026-03-20 22:10:55.263] [272][mmc]: ***SD/MMC 0 init OK!!!***
[2026-03-20 22:10:55.263] [281]boot param - magic error 
[2026-03-20 22:10:55.263] [284]DRAM BOOT DRIVE INFO: V0.601
[2026-03-20 22:10:55.263] [288]DRAM_VCC set to 1100 mv
[2026-03-20 22:10:55.293] [330]Training result is = ff
[2026-03-20 22:10:55.294] [333]DRAM Pstate 0 training, frequency is 1800 Mhz
[2026-03-20 22:10:55.309] [338]DRAM Pstate 0 training fail, fail result is 0xff!
[2026-03-20 22:10:57.075] [2094]Training result is = 7
[2026-03-20 22:10:57.076] [2096]DRAM Pstate 0 training, frequency is 1800 Mhz
[2026-03-20 22:10:57.076] [2104][AUTO DEBUG]16 bit,1 ranks training success!
[2026-03-20 22:10:58.830] [3862]Training result is = 7
[2026-03-20 22:10:58.831] [3865]DRAM Pstate 0 training, frequency is 1800 Mhz
[2026-03-20 22:11:00.614] [5626]Training result is = 7
[2026-03-20 22:11:00.615] [5629]DRAM Pstate 0 training, frequency is 1800 Mhz
[2026-03-20 22:11:00.615] [5637]DRAM CLK =1800 MHZ
[2026-03-20 22:11:00.615] [5639]DRAM Type =8 (8:LPDDR4,9:LPDDR5)
[2026-03-20 22:11:00.692] [5709]Training result is = 7
[2026-03-20 22:11:00.692] [5712]DRAM Pstate 1 training, frequency is 1200 Mhz
[2026-03-20 22:11:00.737] [5776]Training result is = 7
[2026-03-20 22:11:00.746] [5778]DRAM Pstate 2 training, frequency is 800 Mhz
[2026-03-20 22:11:00.877] [5893]Training result is = 7
[2026-03-20 22:11:00.877] [5896]DRAM Pstate 3 training, frequency is 400 Mhz
[2026-03-20 22:11:02.622] [7630]Training result is = 7
[2026-03-20 22:11:02.622] [7632]DRAM Pstate 0 training, frequency is 1800 Mhz
[2026-03-20 22:11:02.622] [7641]Actual DRAM SIZE =1024 M
[2026-03-20 22:11:02.622] [7644]DRAM SIZE =1024 MBytes, para1 = 30fa, para2 = 4000001, dram_tpr13 = 6067
[2026-03-20 22:11:02.622] [7658]DRAM simple test OK.
[2026-03-20 22:11:02.622] [7661]key press : .
[2026-03-20 22:11:02.638] [7668]error:bad magic.
[2026-03-20 22:11:02.747] [7732]error: dtb not found for scp
[2026-03-20 22:11:02.747] [7735]mmc not para
[2026-03-20 22:11:02.747] [7737]Jump to ATF: monitor_base = 0x48000000, uboot_base = 0x4a000000, optee_base = 0x0
[2026-03-20 22:11:02.747] NOTICE:  BL31: OP-TEE 32bit detected
[2026-03-20 22:11:02.747] NOTICE:  BL31: U-BOOT 64bit detected
[2026-03-20 22:11:02.747] NOTICE:  BL31: v2.5(debug):5fc237a6a
[2026-03-20 22:11:02.748] NOTICE:  BL31: Built : 09:05:28, Feb 26 2025
[2026-03-20 22:11:02.748] NOTICE:  BL31: No DTB found.
[2026-03-20 22:11:02.748] ERROR:   Error initializing runtime service opteed_fast
[2026-03-20 22:11:02.748] [A733] ArmPlatformInitialize
[2026-03-20 22:11:02.807] UEFI firmware (version  built at 13:54:30 on Mar 19 2026)
[2026-03-20 22:11:02.824] [A733] GetVirtualMemoryMap called
