[2026-03-20 21:25:33.544] ......
[2026-03-20 21:25:33.545] 
[2026-03-20 21:25:33.545] 
[2026-03-20 21:25:33.545] [215]HELLO! BOOT0 is starting!
[2026-03-20 21:25:33.545] [218]BOOT0 commit : {9f6fab4f-dirty}
[2026-03-20 21:25:33.545] 
[2026-03-20 21:25:33.545] [228]vaild para:1  select dram para0
[2026-03-20 21:25:33.545] [232]key press : .
[2026-03-20 21:25:33.545] [234][mmc]: mmc driver ver 2024-03-20 10:36
[2026-03-20 21:25:33.545] [243][mmc]: Wrong media type 0x0
[2026-03-20 21:25:33.545] [247][mmc]: ***Try SD card 0***
[2026-03-20 21:25:33.574] [266][mmc]: HSSDR52/SDR25 4 bit
[2026-03-20 21:25:33.574] [269][mmc]: 50000000 Hz
[2026-03-20 21:25:33.575] [272][mmc]: 121942 MB
[2026-03-20 21:25:33.575] [274][mmc]: ***SD/MMC 0 init OK!!!***
[2026-03-20 21:25:33.575] [282]boot param - magic error 
[2026-03-20 21:25:33.575] [285]DRAM BOOT DRIVE INFO: V0.601
[2026-03-20 21:25:33.575] [289]DRAM_VCC set to 1100 mv
[2026-03-20 21:25:33.605] [331]Training result is = ff
[2026-03-20 21:25:33.605] [334]DRAM Pstate 0 training, frequency is 1800 Mhz
[2026-03-20 21:25:33.636] [339]DRAM Pstate 0 training fail, fail result is 0xff!
[2026-03-20 21:25:35.384] [2097]Training result is = 7
[2026-03-20 21:25:35.385] [2099]DRAM Pstate 0 training, frequency is 1800 Mhz
[2026-03-20 21:25:35.399] [2107][AUTO DEBUG]16 bit,1 ranks training success!
[2026-03-20 21:25:37.135] [3865]Training result is = 7
[2026-03-20 21:25:37.152] [3868]DRAM Pstate 0 training, frequency is 1800 Mhz
[2026-03-20 21:25:38.904] [5625]Training result is = 7
[2026-03-20 21:25:38.925] [5628]DRAM Pstate 0 training, frequency is 1800 Mhz
[2026-03-20 21:25:38.925] [5636]DRAM CLK =1800 MHZ
[2026-03-20 21:25:38.925] [5639]DRAM Type =8 (8:LPDDR4,9:LPDDR5)
[2026-03-20 21:25:39.010] [5709]Training result is = 7
[2026-03-20 21:25:39.010] [5712]DRAM Pstate 1 training, frequency is 1200 Mhz
[2026-03-20 21:25:39.047] [5775]Training result is = 7
[2026-03-20 21:25:39.047] [5778]DRAM Pstate 2 training, frequency is 800 Mhz
[2026-03-20 21:25:39.197] [5893]Training result is = 7
[2026-03-20 21:25:39.197] [5896]DRAM Pstate 3 training, frequency is 400 Mhz
[2026-03-20 21:25:40.946] [7626]Training result is = 7
[2026-03-20 21:25:40.946] [7629]DRAM Pstate 0 training, frequency is 1800 Mhz
[2026-03-20 21:25:40.946] [7637]Actual DRAM SIZE =1024 M
[2026-03-20 21:25:40.947] [7640]DRAM SIZE =1024 MBytes, para1 = 30fa, para2 = 4000001, dram_tpr13 = 6067
[2026-03-20 21:25:40.947] [7655]DRAM simple test OK.
[2026-03-20 21:25:40.947] [7658]key press : .
[2026-03-20 21:25:40.961] [7665]error:bad magic.
[2026-03-20 21:25:41.054] [7729]error: dtb not found for scp
[2026-03-20 21:25:41.055] [7732]mmc not para
[2026-03-20 21:25:41.055] [7734]Jump to ATF: monitor_base = 0x48000000, uboot_base = 0x4a000000, optee_base = 0x0
[2026-03-20 21:25:41.055] NOTICE:  BL31: OP-TEE 32bit detected
[2026-03-20 21:25:41.055] NOTICE:  BL31: U-BOOT 64bit detected
[2026-03-20 21:25:41.055] NOTICE:  BL31: v2.5(debug):5fc237a6a
[2026-03-20 21:25:41.055] NOTICE:  BL31: Built : 09:05:28, Feb 26 2025
[2026-03-20 21:25:41.055] NOTICE:  BL31: No DTB found.
[2026-03-20 21:25:41.055] ERROR:   Error initializing runtime service opteed_fast
[2026-03-20 21:25:41.132] UEFI firmware (version  built at 13:54:30 on Mar 19 2026)
