[2026-03-20 22:52:08.972] ......
[2026-03-20 22:52:08.973] 
[2026-03-20 22:52:08.973] 
[2026-03-20 22:52:08.973] [212]HELLO! BOOT0 is starting!
[2026-03-20 22:52:08.973] [215]BOOT0 commit : {9f6fab4f-dirty}
[2026-03-20 22:52:08.973] 
[2026-03-20 22:52:08.974] [225]vaild para:1  select dram para0
[2026-03-20 22:52:08.974] [229]key press : .
[2026-03-20 22:52:08.974] [230][mmc]: mmc driver ver 2024-03-20 10:36
[2026-03-20 22:52:08.974] [240][mmc]: Wrong media type 0x0
[2026-03-20 22:52:08.974] [243][mmc]: ***Try SD card 0***
[2026-03-20 22:52:09.019] [263][mmc]: HSSDR52/SDR25 4 bit
[2026-03-20 22:52:09.020] [266][mmc]: 50000000 Hz
[2026-03-20 22:52:09.020] [269][mmc]: 121942 MB
[2026-03-20 22:52:09.020] [271][mmc]: ***SD/MMC 0 init OK!!!***
[2026-03-20 22:52:09.020] [279]boot param - magic error 
[2026-03-20 22:52:09.020] [282]DRAM BOOT DRIVE INFO: V0.601
[2026-03-20 22:52:09.020] [287]DRAM_VCC set to 1100 mv
[2026-03-20 22:52:09.038] [329]Training result is = ff
[2026-03-20 22:52:09.038] [331]DRAM Pstate 0 training, frequency is 1800 Mhz
[2026-03-20 22:52:09.066] [336]DRAM Pstate 0 training fail, fail result is 0xff!
[2026-03-20 22:52:10.827] [2091]Training result is = 7
[2026-03-20 22:52:10.827] [2094]DRAM Pstate 0 training, frequency is 1800 Mhz
[2026-03-20 22:52:10.827] [2102][AUTO DEBUG]16 bit,1 ranks training success!
[2026-03-20 22:52:12.585] [3858]Training result is = 7
[2026-03-20 22:52:12.585] [3861]DRAM Pstate 0 training, frequency is 1800 Mhz
[2026-03-20 22:52:14.337] [5622]Training result is = 7
[2026-03-20 22:52:14.357] [5624]DRAM Pstate 0 training, frequency is 1800 Mhz
[2026-03-20 22:52:14.357] [5632]DRAM CLK =1800 MHZ
[2026-03-20 22:52:14.357] [5635]DRAM Type =8 (8:LPDDR4,9:LPDDR5)
[2026-03-20 22:52:14.445] [5705]Training result is = 7
[2026-03-20 22:52:14.445] [5708]DRAM Pstate 1 training, frequency is 1200 Mhz
[2026-03-20 22:52:14.479] [5771]Training result is = 7
[2026-03-20 22:52:14.479] [5774]DRAM Pstate 2 training, frequency is 800 Mhz
[2026-03-20 22:52:14.631] [5889]Training result is = 7
[2026-03-20 22:52:14.631] [5892]DRAM Pstate 3 training, frequency is 400 Mhz
[2026-03-20 22:52:16.384] [7629]Training result is = 7
[2026-03-20 22:52:16.384] [7632]DRAM Pstate 0 training, frequency is 1800 Mhz
[2026-03-20 22:52:16.385] [7640]Actual DRAM SIZE =1024 M
[2026-03-20 22:52:16.385] [7643]DRAM SIZE =1024 MBytes, para1 = 30fa, para2 = 4000001, dram_tpr13 = 6067
[2026-03-20 22:52:16.385] [7658]DRAM simple test OK.
[2026-03-20 22:52:16.385] [7661]key press : .
[2026-03-20 22:52:16.399] [7668]error:bad magic.
[2026-03-20 22:52:16.491] [7732]error: dtb not found for scp
[2026-03-20 22:52:16.491] [7735]mmc not para
[2026-03-20 22:52:16.491] [7737]Jump to ATF: monitor_base = 0x48000000, uboot_base = 0x4a000000, optee_base = 0x0
[2026-03-20 22:52:16.491] NOTICE:  BL31: OP-TEE 32bit detected
[2026-03-20 22:52:16.491] NOTICE:  BL31: U-BOOT 64bit detected
[2026-03-20 22:52:16.491] NOTICE:  BL31: v2.5(debug):5fc237a6a
[2026-03-20 22:52:16.492] NOTICE:  BL31: Built : 09:05:28, Feb 26 2025
[2026-03-20 22:52:16.492] NOTICE:  BL31: No DTB found.
[2026-03-20 22:52:16.492] ERROR:   Error initializing runtime service opteed_fast
[2026-03-20 22:52:16.492] [A733] ArmPlatformInitialize
[2026-03-20 22:52:16.569] UEFI firmware (version  built at 13:54:30 on Mar 19 2026)
[2026-03-20 22:52:16.585] [A733] GetVirtualMemoryMap called
[2026-03-20 22:52:16.585] [A733] AllocatePages OK
[2026-03-20 22:52:16.585] [A733] GetVirtualMemoryMap DONE
